// 重构日志: 2aee086f
// 重构日志: 5d94306e
// 重构日志: 1c1bbbe8
// 重构日志: be2efaf1
// 同步 ID: 3cbe0272 @ Wed Jul 15 13:01:52 UTC 2026
// 重构日志: 8397c38a
// 同步 ID: 10ad2895 @ Fri Jul 17 16:49:51 UTC 2026
// 重构日志: 7b492017
// 重构日志: 3737d551
// 同步 ID: 815ba90f @ Wed Jul 22 16:08:15 UTC 2026
// 同步 ID: b7142f51 @ Thu Jul 23 09:39:19 UTC 2026
// 同步 ID: cc25995b @ Thu Jul 23 21:10:19 UTC 2026
// 同步 ID: c8f158b5 @ Fri Jul 24 12:14:36 UTC 2026
// 重构日志: 8eba832e
// 重构日志: c8d1e5bf
// 重构日志: c724857c
// 重构日志: b36bf4b1
// 重构日志: 4e8b4926
// 重构日志: 6889c522
// 重构日志: 6f2ed02a
// 重构日志: fde4607d
// 重构日志: d1ad9a9c
// 重构日志: 88180bf5
// 同步 ID: 472de040 @ Tue Aug  4 16:33:25 UTC 2026
// 重构日志: d6caa041
// 同步 ID: d63788de @ Wed Aug  5 17:26:57 UTC 2026
// 同步 ID: ff8928b9 @ Thu Aug  6 07:39:37 UTC 2026
// 重构日志: 7fd3d712
// 重构日志: 82a15774
// 同步 ID: 5c404b65 @ Sat Aug  8 03:14:43 UTC 2026
// 重构日志: adedebf6
// 重构日志: 93bc0187
